// Jest Snapshot v1, https://goo.gl/fbAQLP

exports[`Correct Render 1`] = `
Object {
  "asFragment": [Function],
  "baseElement": <body>
    <div>
      <div
        class="search-form"
        id="Search"
      >
        <h1>
          Search
        </h1>
        <form
          class="search-bar-form"
        >
          <input
            placeholder="What do you want to search for?"
            type="text"
          />
          <div
            class="dropdown"
          >
            <select
              class="drop-btn form-select form-select-lg mb-3 mt-3"
            >
              <option
                value="all"
              >
                All
              </option>
              <option
                value="movie"
              >
                Movies
              </option>
              <option
                value="music"
              >
                Music
              </option>
              <option
                value="podcast"
              >
                Podcasts
              </option>
              <option
                value="audiobook"
              >
                Audiobook
              </option>
              <option
                value="shortFilm"
              >
                Short Film
              </option>
              <option
                value="tvShow"
              >
                TV Shows
              </option>
              <option
                value="ebook"
              >
                Ebooks
              </option>
            </select>
          </div>
          <button
            class="btn btn-lg btn-info mb-3"
            type="submit"
          >
            Search 
            <i
              class="fa fa-search"
            />
          </button>
        </form>
        <div
          class="search-results"
          id="search-results"
        />
      </div>
    </div>
  </body>,
  "container": <div>
    <div
      class="search-form"
      id="Search"
    >
      <h1>
        Search
      </h1>
      <form
        class="search-bar-form"
      >
        <input
          placeholder="What do you want to search for?"
          type="text"
        />
        <div
          class="dropdown"
        >
          <select
            class="drop-btn form-select form-select-lg mb-3 mt-3"
          >
            <option
              value="all"
            >
              All
            </option>
            <option
              value="movie"
            >
              Movies
            </option>
            <option
              value="music"
            >
              Music
            </option>
            <option
              value="podcast"
            >
              Podcasts
            </option>
            <option
              value="audiobook"
            >
              Audiobook
            </option>
            <option
              value="shortFilm"
            >
              Short Film
            </option>
            <option
              value="tvShow"
            >
              TV Shows
            </option>
            <option
              value="ebook"
            >
              Ebooks
            </option>
          </select>
        </div>
        <button
          class="btn btn-lg btn-info mb-3"
          type="submit"
        >
          Search 
          <i
            class="fa fa-search"
          />
        </button>
      </form>
      <div
        class="search-results"
        id="search-results"
      />
    </div>
  </div>,
  "debug": [Function],
  "findAllByAltText": [Function],
  "findAllByDisplayValue": [Function],
  "findAllByLabelText": [Function],
  "findAllByPlaceholderText": [Function],
  "findAllByRole": [Function],
  "findAllByTestId": [Function],
  "findAllByText": [Function],
  "findAllByTitle": [Function],
  "findByAltText": [Function],
  "findByDisplayValue": [Function],
  "findByLabelText": [Function],
  "findByPlaceholderText": [Function],
  "findByRole": [Function],
  "findByTestId": [Function],
  "findByText": [Function],
  "findByTitle": [Function],
  "getAllByAltText": [Function],
  "getAllByDisplayValue": [Function],
  "getAllByLabelText": [Function],
  "getAllByPlaceholderText": [Function],
  "getAllByRole": [Function],
  "getAllByTestId": [Function],
  "getAllByText": [Function],
  "getAllByTitle": [Function],
  "getByAltText": [Function],
  "getByDisplayValue": [Function],
  "getByLabelText": [Function],
  "getByPlaceholderText": [Function],
  "getByRole": [Function],
  "getByTestId": [Function],
  "getByText": [Function],
  "getByTitle": [Function],
  "queryAllByAltText": [Function],
  "queryAllByDisplayValue": [Function],
  "queryAllByLabelText": [Function],
  "queryAllByPlaceholderText": [Function],
  "queryAllByRole": [Function],
  "queryAllByTestId": [Function],
  "queryAllByText": [Function],
  "queryAllByTitle": [Function],
  "queryByAltText": [Function],
  "queryByDisplayValue": [Function],
  "queryByLabelText": [Function],
  "queryByPlaceholderText": [Function],
  "queryByRole": [Function],
  "queryByTestId": [Function],
  "queryByText": [Function],
  "queryByTitle": [Function],
  "rerender": [Function],
  "unmount": [Function],
}
`;
